
  .   ____          _            __ _ _
 /\\ / ___'_ __ _ _(_)_ __  __ _ \ \ \ \
( ( )\___ | '_ | '_| | '_ \/ _` | \ \ \ \
 \\/  ___)| |_)| | | | | || (_| |  ) ) ) )
  '  |____| .__|_| |_|_| |_\__, | / / / /
 =========|_|==============|___/=/_/_/_/

 :: Spring Boot ::                (v4.1.1)

2026-10-08T19:30:46.327+01:00  INFO 34049 --- [pompom-creative-intelligence] [           main] .i.PompomCreativeIntelligenceApplication : Starting PompomCreativeIntelligenceApplication using Java 21.0.7 with PID 34049 (/Users/benanaktas/project/video/content-intelligence-platform/intelligence/backend/target/classes started by benanaktas in /Users/benanaktas/project/video/content-intelligence-platform/intelligence/backend)
2026-10-08T19:30:46.329+01:00  INFO 34049 --- [pompom-creative-intelligence] [           main] .i.PompomCreativeIntelligenceApplication : No active profile set, falling back to 1 default profile: "default"
2026-10-08T19:30:47.572+01:00  INFO 34049 --- [pompom-creative-intelligence] [           main] .s.d.r.c.RepositoryConfigurationDelegate : Bootstrapping Spring Data JPA repositories in DEFAULT mode.
2026-10-08T19:30:47.635+01:00  INFO 34049 --- [pompom-creative-intelligence] [           main] .s.d.r.c.RepositoryConfigurationDelegate : Finished Spring Data repository scanning in 56 ms. Found 19 JPA repository interfaces.
2026-10-08T19:30:48.096+01:00  INFO 34049 --- [pompom-creative-intelligence] [           main] o.s.boot.tomcat.TomcatWebServer          : Tomcat initialized with port 8085 (http)
2026-10-08T19:30:48.107+01:00  INFO 34049 --- [pompom-creative-intelligence] [           main] o.apache.catalina.core.StandardService   : Starting service [Tomcat]
2026-10-08T19:30:48.108+01:00  INFO 34049 --- [pompom-creative-intelligence] [           main] o.apache.catalina.core.StandardEngine    : Starting Servlet engine: [Apache Tomcat/11.0.24]
2026-10-08T19:30:48.141+01:00  INFO 34049 --- [pompom-creative-intelligence] [           main] b.w.c.s.WebApplicationContextInitializer : Root WebApplicationContext: initialization completed in 1761 ms
2026-10-08T19:30:48.376+01:00  INFO 34049 --- [pompom-creative-intelligence] [           main] com.zaxxer.hikari.HikariDataSource       : HikariPool-1 - Starting...
2026-10-08T19:30:48.526+01:00  INFO 34049 --- [pompom-creative-intelligence] [           main] com.zaxxer.hikari.pool.HikariPool        : HikariPool-1 - Added connection org.postgresql.jdbc.PgConnection@4f2fdf3d
2026-10-08T19:30:48.527+01:00  INFO 34049 --- [pompom-creative-intelligence] [           main] com.zaxxer.hikari.HikariDataSource       : HikariPool-1 - Start completed.
2026-10-08T19:30:48.543+01:00  INFO 34049 --- [pompom-creative-intelligence] [           main] org.flywaydb.core.FlywayExecutor         : Database: jdbc:postgresql://localhost:5432/pompom_workflow_local (PostgreSQL 17.11)
2026-10-08T19:30:48.630+01:00  INFO 34049 --- [pompom-creative-intelligence] [           main] o.f.core.internal.command.DbValidate     : Successfully validated 47 migrations (execution time 00:00.041s)
2026-10-08T19:30:48.670+01:00  INFO 34049 --- [pompom-creative-intelligence] [           main] o.f.core.internal.command.DbMigrate      : Current version of schema "public": 47
2026-10-08T19:30:48.672+01:00  INFO 34049 --- [pompom-creative-intelligence] [           main] o.f.core.internal.command.DbMigrate      : Schema "public" is up to date. No migration necessary.
2026-10-08T19:30:48.743+01:00  INFO 34049 --- [pompom-creative-intelligence] [           main] org.hibernate.orm.jpa                    : HHH008540: Processing PersistenceUnitInfo [name: default]
2026-10-08T19:30:48.781+01:00  INFO 34049 --- [pompom-creative-intelligence] [           main] org.hibernate.orm.core                   : HHH000001: Hibernate ORM core version 7.4.5.Final
2026-10-08T19:30:49.049+01:00  INFO 34049 --- [pompom-creative-intelligence] [           main] o.s.o.j.p.SpringPersistenceUnitInfo      : No LoadTimeWeaver setup: ignoring JPA class transformer
2026-10-08T19:30:49.118+01:00  INFO 34049 --- [pompom-creative-intelligence] [           main] org.hibernate.orm.connections.pooling    : HHH10001005: Database info:
	Database JDBC URL [jdbc:postgresql://localhost:5432/pompom_workflow_local]
	Database driver: PostgreSQL JDBC Driver
	Database dialect: PostgreSQLDialect
	Database version: 17.11
	Default catalog/schema: pompom_workflow_local/public
	Autocommit mode: undefined/unknown
	Isolation level: READ_COMMITTED [default READ_COMMITTED]
	JDBC fetch size: none
	Pool: DataSourceConnectionProvider
	Minimum pool size: undefined/unknown
	Maximum pool size: undefined/unknown
2026-10-08T19:30:49.972+01:00  INFO 34049 --- [pompom-creative-intelligence] [           main] org.hibernate.orm.core                   : HHH000489: No JTA platform available (set 'hibernate.transaction.jta.platform' to enable JTA platform integration)
2026-10-08T19:30:49.977+01:00  INFO 34049 --- [pompom-creative-intelligence] [           main] j.LocalContainerEntityManagerFactoryBean : Initialized JPA EntityManagerFactory for persistence unit 'default'
2026-10-08T19:30:50.027+01:00  INFO 34049 --- [pompom-creative-intelligence] [           main] o.s.d.j.r.query.QueryEnhancerFactories   : Hibernate is in classpath; If applicable, HQL parser will be used.
2026-10-08T19:30:50.512+01:00  INFO 34049 --- [pompom-creative-intelligence] [           main] c.p.i.quality.QualityMlClient            : ML client initialized with base URL: http://localhost:8015
2026-10-08T19:30:51.512+01:00  INFO 34049 --- [pompom-creative-intelligence] [           main] o.s.b.a.e.web.EndpointLinksResolver      : Exposing 4 endpoints beneath base path '/actuator'
2026-10-08T19:30:51.557+01:00  INFO 34049 --- [pompom-creative-intelligence] [           main] o.s.boot.tomcat.TomcatWebServer          : Tomcat started on port 8085 (http) with context path '/'
2026-10-08T19:30:51.566+01:00  INFO 34049 --- [pompom-creative-intelligence] [           main] .i.PompomCreativeIntelligenceApplication : Started PompomCreativeIntelligenceApplication in 5.544 seconds (process running for 5.787)
2026-10-08T19:30:51.607+01:00  WARN 34049 --- [pompom-creative-intelligence] [           main] o.s.core.events.SpringDocAppInitializer  : SpringDoc /v3/api-docs endpoint is enabled by default. To disable it in production, set the property 'springdoc.api-docs.enabled=false'
2026-10-08T19:30:51.607+01:00  WARN 34049 --- [pompom-creative-intelligence] [           main] o.s.core.events.SpringDocAppInitializer  : SpringDoc /swagger-ui.html endpoint is enabled by default. To disable it in production, set the property 'springdoc.swagger-ui.enabled=false'
2026-10-08T19:30:58.969+01:00  INFO 34049 --- [pompom-creative-intelligence] [nio-8085-exec-1] o.a.c.c.C.[Tomcat].[localhost].[/]       : Initializing Spring DispatcherServlet 'dispatcherServlet'
2026-10-08T19:30:58.970+01:00  INFO 34049 --- [pompom-creative-intelligence] [nio-8085-exec-1] o.s.web.servlet.DispatcherServlet        : Initializing Servlet 'dispatcherServlet'
2026-10-08T19:30:58.978+01:00  INFO 34049 --- [pompom-creative-intelligence] [nio-8085-exec-1] o.s.web.servlet.DispatcherServlet        : Completed initialization in 8 ms
2026-10-08T19:45:44.993+01:00  INFO 34049 --- [pompom-creative-intelligence] [ionShutdownHook] o.s.boot.tomcat.GracefulShutdown         : Commencing graceful shutdown. Waiting for active requests to complete
2026-10-08T19:45:45.012+01:00  INFO 34049 --- [pompom-creative-intelligence] [tomcat-shutdown] o.s.boot.tomcat.GracefulShutdown         : Graceful shutdown complete
2026-10-08T19:45:45.042+01:00  INFO 34049 --- [pompom-creative-intelligence] [ionShutdownHook] j.LocalContainerEntityManagerFactoryBean : Closing JPA EntityManagerFactory for persistence unit 'default'
2026-10-08T19:45:45.058+01:00  INFO 34049 --- [pompom-creative-intelligence] [ionShutdownHook] com.zaxxer.hikari.HikariDataSource       : HikariPool-1 - Shutdown initiated...
2026-10-08T19:45:45.062+01:00  INFO 34049 --- [pompom-creative-intelligence] [ionShutdownHook] com.zaxxer.hikari.HikariDataSource       : HikariPool-1 - Shutdown completed.
[ERROR] Failed to execute goal org.springframework.boot:spring-boot-maven-plugin:4.1.1:run (default-cli) on project creative-intelligence-backend: Process terminated with exit code: 143 -> [Help 1]
[ERROR] 
[ERROR] To see the full stack trace of the errors, re-run Maven with the -e switch.
[ERROR] Re-run Maven using the -X switch to enable full debug logging.
[ERROR] 
[ERROR] For more information about the errors and possible solutions, please read the following articles:
[ERROR] [Help 1] http://cwiki.apache.org/confluence/display/MAVEN/MojoExecutionException
