 Container intelligence-postgres-1 Running
 Container intelligence-ml-service-1 Recreate
 Container intelligence-ml-service-1 Recreated
 Container intelligence-backend-1 Running
 Container intelligence-creative-render-service-1 Running
 Container intelligence-frontend-1 Running
 Container intelligence-ml-service-1 Starting
 Container intelligence-ml-service-1 Started
 Container intelligence-postgres-1 Waiting
 Container intelligence-ml-service-1 Waiting
 Container intelligence-postgres-1 Healthy
 Container intelligence-ml-service-1 Healthy
 Container intelligence-backend-1 Waiting
 Container intelligence-ml-service-1 Waiting
 Container intelligence-postgres-1 Waiting
 Container intelligence-postgres-1 Healthy
 Container intelligence-ml-service-1 Healthy
 Container intelligence-backend-1 Healthy
 Container intelligence-creative-render-service-1 Waiting
 Container intelligence-backend-1 Waiting
 Container intelligence-backend-1 Healthy
 Container intelligence-creative-render-service-1 Healthy
 Container intelligence-postgres-1 Waiting
 Container intelligence-ml-service-1 Waiting
 Container intelligence-backend-1 Waiting
 Container intelligence-creative-render-service-1 Waiting
 Container intelligence-frontend-1 Waiting
 Container intelligence-frontend-1 Healthy
 Container intelligence-creative-render-service-1 Healthy
 Container intelligence-postgres-1 Healthy
 Container intelligence-ml-service-1 Healthy
 Container intelligence-backend-1 Healthy
